************************************************************
*                                                          *
*                     W E L C O M E to                     *
*              M A D G R A P H 5 _ a M C @ N L O           *
*                                                          *
*                                                          *
*                 *                       *                *
*                   *        * *        *                  *
*                     * * * * 5 * * * *                    *
*                   *        * *        *                  *
*                 *                       *                *
*                                                          *
*         VERSION 3.5.1                 2023-07-11         *
*                                                          *
*    The MadGraph5_aMC@NLO Development Team - Find us at   *
*              http://madgraph.phys.ucl.ac.be/             *
*                            and                           *
*            http://amcatnlo.web.cern.ch/amcatnlo/         *
*                                                          *
*               Type 'help' for in-line help.              *
*           Type 'tutorial' to learn how MG5 works         *
*    Type 'tutorial aMCatNLO' to learn how aMC@NLO works   *
*    Type 'tutorial MadLoop' to learn how MadLoop works    *
*                                                          *
************************************************************
load MG5 configuration from ../mg5amcnlo/input/mg5_configuration.txt 
fastjet-config does not seem to correspond to a valid fastjet-config executable (v3+). We will use fjcore instead.
 Please set the 'fastjet'variable to the full (absolute) /PATH/TO/fastjet-config (including fastjet-config).
 MG5_aMC> set fastjet /PATH/TO/fastjet-config

eMELA-config does not seem to correspond to a valid eMELA-config executable.
 Please set the 'fastjet'variable to the full (absolute) /PATH/TO/eMELA-config (including eMELA-config).
 MG5_aMC> set eMELA /PATH/TO/eMELA-config

lhapdf-config does not seem to correspond to a valid lhapdf-config executable. 
Please set the 'lhapdf' variable to the (absolute) /PATH/TO/lhapdf-config (including lhapdf-config).
Note that you can still compile and run aMC@NLO with the built-in PDFs
 MG5_aMC> set lhapdf /PATH/TO/lhapdf-config

None does not seem to correspond to a valid lhapdf-config executable. 
Please set the 'lhapdf' variable to the (absolute) /PATH/TO/lhapdf-config (including lhapdf-config).
Note that you can still compile and run aMC@NLO with the built-in PDFs
 MG5_aMC> set lhapdf /PATH/TO/lhapdf-config

Using default text editor "vi". Set another one in ./input/mg5_configuration.txt
Using default eps viewer "evince". Set another one in ./input/mg5_configuration.txt
Using default web browser "firefox". Set another one in ./input/mg5_configuration.txt
import /vols/cms/us322/testing_delphes/mg_processes_2/background/madminer/cards/mg_commands_0.dat
The import format was not given, so we guess it as command
launch /vols/cms/us322/testing_delphes/mg_processes_2/background
************************************************************
*                                                          *
*                      W E L C O M E to                    *
*             M A D G R A P H 5 _ a M C @ N L O            *
*                      M A D E V E N T                     *
*                                                          *
*                 *                       *                *
*                   *        * *        *                  *
*                     * * * * 5 * * * *                    *
*                   *        * *        *                  *
*                 *                       *                *
*                                                          *
*         VERSION 3.5.1                 2023-07-11         *
*                                                          *
*    The MadGraph5_aMC@NLO Development Team - Find us at   *
*    https://server06.fynu.ucl.ac.be/projects/madgraph     *
*                                                          *
*               Type 'help' for in-line help.              *
*                                                          *
************************************************************
INFO: load configuration from /vols/cms/us322/testing_delphes/mg_processes_2/background/Cards/me5_configuration.txt  
INFO: load configuration from /vols/cms/us322/mg5amcnlo/input/mg5_configuration.txt  
INFO: load configuration from /vols/cms/us322/testing_delphes/mg_processes_2/background/Cards/me5_configuration.txt  
Using default text editor "vi". Set another one in ./input/mg5_configuration.txt
generate_events run_01
The following switches determine which programs are run:
/=================== Description ===================|============= values ==============|======== other options ========\
| 1. Choose the shower/hadronization program        | [1m       shower[0m = [32mPythia8[0m           |     OFF                       |
| 2. Choose the detector simulation program         | [1m     detector[0m = [01mNot Avail.[0m        |     Please install module     |
| 3. Choose an analysis package (plot/convert)      | [1m     analysis[0m = [01mNot Avail.[0m        |     Please install module     |
| 4. Decay onshell particles                        | [1m      madspin[0m = [31mOFF[0m               |     ON|onshell|full           |
| 5. Add weights to events for new hypp.            | [1m     reweight[0m = [31mOFF[0m               |     ON                        |
\=======================================================================================================================/
Either type the switch number (1 to 5) to change its setting,
Set any switch explicitly (e.g. type 'shower=OFF' at the prompt)
Type 'help' for the list of all valid option
Type '0', 'auto', 'done' or just press enter when you are done.
[1;34mfound line : order=LO[0m
[1;34mThis answer is not valid for current question. Keep it for next question and use here default: 0[0m
Do you want to edit a card (press enter to bypass editing)?
/------------------------------------------------------------\
|  [31m1[0m. param   : [32mparam_card.dat[0m                               |
|  [31m2[0m. run     : [32mrun_card.dat[0m                                 |
|  [31m3[0m. pythia8 : [32mpythia8_card.dat[0m                             |
\------------------------------------------------------------/
 you can also
   - enter the path to a valid card or banner.
   - use the 'set' command to modify a parameter directly.
     The set option works only for param_card and run_card.
     Type 'help set' for more information on this command.
   - call an external program (ASperGE/MadWidth/...).
     Type 'help' for the list of available command
 [[4m0[0m, done, 1, param, 2, run, 3, pythia8, enter path]
[1;34mfound line : order=LO[0m
[1;34mThis answer is not valid for current question. Keep it for next question and use here default: 0[0m
INFO: Update the dependent parameter of the param_card.dat 
[1;34mWARNING: update the strong coupling value (alpha_s) to the value from the pdf selected: 0.119 [0m
[1;34mWARNING: Unknow type of information in the card: dim64f4l,dim64f,dim62f,dim64f2l,loop,renor,dim6 [0m
Generating 5000 events with run name run_01
survey  run_01 
INFO: compile directory 
[1;34mWARNING: information about "sminputs [1]" is missing using default value: 132.507. [0m
[1;34mWARNING: information about "yukawa [5]" is missing using default value: 4.7. [0m
[1;34mWARNING: information about "yukawa [15]" is missing using default value: 1.777. [0m
compile Source Directory
Error: no DISPLAY environment variable specified
Using random number seed offset = 21
INFO: Running Survey 
Creating Jobs
Working on SubProcesses
INFO: Compiling for process 1/2. 
INFO:     P1_gg_bbxbbx  
  0%|          | 0/1233 [00:00<?, ?it/s] 47%|████▋     | 574/1233 [00:00<00:00, 5456.31it/s] 91%|█████████ | 1120/1233 [00:00<00:00, 2092.18it/s]100%|██████████| 1233/1233 [00:00<00:00, 2538.12it/s]INFO: Compiling for process 2/2. 
INFO:     P1_qq_bbxbbx  

  0%|          | 0/853 [00:00<?, ?it/s]100%|██████████| 853/853 [00:00<00:00, 10906.72it/s]INFO:     P1_gg_bbxbbx  
INFO:     P1_qq_bbxbbx  
INFO:  Idle: 1,  Running: 6,  Completed: 0 [ current time: 11h40 ] 
INFO:  Idle: 0,  Running: 6,  Completed: 1 [  11.1s  ] 
INFO:  Idle: 0,  Running: 5,  Completed: 2 [  14.3s  ] 
INFO:  Idle: 0,  Running: 4,  Completed: 3 [  20s  ] 
INFO:  Idle: 0,  Running: 3,  Completed: 4 [  23.2s  ] 
INFO:  Idle: 0,  Running: 2,  Completed: 5 [  29.3s  ] 
INFO:  Idle: 0,  Running: 0,  Completed: 7 [  34.6s  ] 
INFO:  Idle: 0,  Running: 0,  Completed: 7 [  34.8s  ] 
INFO: End survey 
refine 5000
Creating Jobs
INFO: Refine results to 5000 
INFO: Generating 5000.0 unweighted events. 
sum of cpu time of last step: 2m47s
INFO: Effective Luminosity 20.817621558737212 pb^-1 
INFO: need to improve 4 channels 
- Current estimate of cross-section: 288.21736350000003 +- 4.550082852812213
    P1_gg_bbxbbx 
    P1_qq_bbxbbx 
INFO:  Idle: 0,  Running: 5,  Completed: 0 [ current time: 11h40 ] 
INFO:  Idle: 0,  Running: 4,  Completed: 1 [  21.1s  ] 
INFO:  Idle: 0,  Running: 3,  Completed: 2 [  45.9s  ] 
INFO:  Idle: 0,  Running: 2,  Completed: 3 [  1m 10s  ] 
INFO:  Idle: 0,  Running: 1,  Completed: 4 [  2m 23s  ] 
INFO:  Idle: 0,  Running: 0,  Completed: 5 [  3m 11s  ] 
INFO:  Idle: 0,  Running: 0,  Completed: 5 [  3m 11s  ] 
INFO: Combining runs 
sum of cpu time of last step: 9m33s
INFO: finish refine 
refine 5000 --treshold=0.9
No need for second refine due to stability of cross-section
INFO: Combining Events 
  === Results Summary for run: run_01 tag: tag_1 ===

     Cross-section :   292.2 +- 1.597 pb
     Nb of events :  5000
 
store_events
INFO: Storing parton level results 
INFO: End Parton 
reweight -from_cards
decay_events -from_cards
INFO: [92mRunning Pythia8 [arXiv:1410.3012][0m 
Splitting .lhe event file for PY8 parallelization...
Submitting Pythia8 jobs...
Pythia8 shower jobs: 1 Idle, 49 Running, 0 Done [3 seconds]
Pythia8 shower jobs: 0 Idle, 49 Running, 1 Done [19 seconds]
Pythia8 shower jobs: 0 Idle, 48 Running, 2 Done [19 seconds]
Pythia8 shower jobs: 0 Idle, 47 Running, 3 Done [19 seconds]
Pythia8 shower jobs: 0 Idle, 46 Running, 4 Done [19 seconds]
Pythia8 shower jobs: 0 Idle, 45 Running, 5 Done [19 seconds]
Pythia8 shower jobs: 0 Idle, 44 Running, 6 Done [19 seconds]
Pythia8 shower jobs: 0 Idle, 43 Running, 7 Done [19 seconds]
Pythia8 shower jobs: 0 Idle, 42 Running, 8 Done [19 seconds]
Pythia8 shower jobs: 0 Idle, 9 Running, 41 Done [20 seconds]
Pythia8 shower jobs: 0 Idle, 8 Running, 42 Done [20 seconds]
Pythia8 shower jobs: 0 Idle, 7 Running, 43 Done [20 seconds]
Pythia8 shower jobs: 0 Idle, 5 Running, 45 Done [20 seconds]
Pythia8 shower jobs: 0 Idle, 4 Running, 46 Done [20 seconds]
Pythia8 shower jobs: 0 Idle, 3 Running, 47 Done [20 seconds]
Pythia8 shower jobs: 0 Idle, 2 Running, 48 Done [20 seconds]
Pythia8 shower jobs: 0 Idle, 1 Running, 49 Done [20 seconds]
Pythia8 shower jobs: 0 Idle, 0 Running, 50 Done [20 seconds]
Merging results from the split PY8 runs...
INFO: Pythia8 shower finished after 25 seconds. 
  === Results Summary for run: run_01 tag: tag_1 ===

     Cross-section :   292.2 +- 1.597 pb
     Nb of events :  5000
 
INFO: storing files of previous run 
INFO: Storing Pythia8 files of previous run 
INFO: Done 
quit
INFO:  
more information in /vols/cms/us322/testing_delphes/mg_processes_2/background/index.html
order=LO
[1;34mCommand "order=LO" not recognized, please try again[0m
shower=Pythia8
[1;34mCommand "shower=Pythia8" not recognized, please try again[0m
detector=OFF
[1;34mCommand "detector=OFF" not recognized, please try again[0m
analysis=OFF
[1;34mCommand "analysis=OFF" not recognized, please try again[0m
madspin=OFF
[1;34mCommand "madspin=OFF" not recognized, please try again[0m
reweight=OFF
[1;34mCommand "reweight=OFF" not recognized, please try again[0m
done
[1;34mCommand "done" not recognized, please try again[0m
quit

